main.c:70:6:update7SEG	16	static
main.c:112:6:updateClockBuffer	16	static
main.c:138:6:setCol	16	static
main.c:149:6:setMatrix	8	static
main.c:161:6:updateLEDMatrix	24	static
main.c:286:6:setTimer0	16	static
main.c:292:6:setTimer1	16	static
main.c:298:6:setTimer2	16	static
main.c:303:6:setTimer3	16	static
main.c:308:6:timerRun	4	static
main.c:340:5:main	8	static
main.c:467:6:display7SEG	16	static
main.c:582:6:SystemClock_Config	72	static
main.c:618:13:MX_TIM2_Init	32	static
main.c:663:13:MX_GPIO_Init	32	static
main.c:714:6:HAL_TIM_PeriodElapsedCallback	16	static
main.c:743:6:Error_Handler	4	static,ignoring_inline_asm
