main.c:68:6:update7SEG	16	static
main.c:110:6:updateClockBuffer	16	static
main.c:136:6:setCol	16	static
main.c:147:6:setMatrix	8	static
main.c:159:6:updateLEDMatrix	16	static
main.c:283:6:setTimer0	16	static
main.c:289:6:setTimer1	16	static
main.c:295:6:setTimer2	16	static
main.c:300:6:setTimer3	16	static
main.c:305:6:timerRun	4	static
main.c:337:5:main	8	static
main.c:460:6:display7SEG	16	static
main.c:575:6:SystemClock_Config	72	static
main.c:611:13:MX_TIM2_Init	32	static
main.c:656:13:MX_GPIO_Init	32	static
main.c:707:6:HAL_TIM_PeriodElapsedCallback	16	static
main.c:736:6:Error_Handler	4	static,ignoring_inline_asm
